僵毁区块重置器 v1.0.0
  地址: http://127.0.0.1:8790/
  按 Ctrl+C 退出
19:00:57 GET /api/bootstrap -> 200
19:00:57 GET /api/bootstrap -> 200
19:02:00 GET /tiles/19/58/25 -> 200
19:02:00 GET /tiles/19/58/25 -> 200
19:02:00 POST /api/prefetch -> 200
19:02:06 GET /api/map -> 200
19:02:52 GET /?sel=8272,9468,48,24 -> 200
19:02:52 GET /static/leaflet/leaflet.css -> 200
19:02:52 GET /static/style.css -> 200
19:02:52 GET /static/app.js -> 200
19:02:52 GET /static/leaflet/leaflet.js -> 200
19:02:52 GET /favicon.ico -> 204
19:02:54 GET /api/bootstrap -> 200
19:02:54 GET /tiles/19/58/25 -> 200
19:02:54 GET /tiles/19/59/25 -> 200
19:02:54 GET /tiles/19/59/26 -> 200
19:02:54 GET /tiles/19/58/26 -> 200
19:02:55 GET /tiles/20/117/52 -> 200
19:02:55 POST /api/prefetch -> 200
19:02:55 GET /api/pz -> 200
